../src/modulos/14-dac/dac2025.cpp:11:1:DAC::DAC(uint8_t)	16	static
../src/modulos/14-dac/dac2025.cpp:17:5:int DAC::enable()	24	static
../src/modulos/14-dac/dac2025.cpp:35:5:int DAC::disable()	24	static
../src/modulos/14-dac/dac2025.cpp:51:1:DAC::~DAC()	16	static
../src/modulos/14-dac/dac2025.cpp:51:1:virtual DAC::~DAC()	16	static
../src/modulos/14-dac/dac2025.cpp:56:6:void DAC::config_dac0_power(bool)	16	static
../src/modulos/14-dac/dac2025.cpp:63:6:void DAC::config_dac1_power(bool)	16	static
../src/modulos/14-dac/dac2025.cpp:70:6:void DAC::config_dac0_clock(bool)	16	static
../src/modulos/14-dac/dac2025.cpp:77:6:void DAC::config_dac1_clock(bool)	16	static
../src/modulos/14-dac/dac2025.cpp:84:6:void DAC::config_dac0_swm(bool)	16	static
../src/modulos/14-dac/dac2025.cpp:94:6:void DAC::config_dac1_swm(bool)	16	static
../src/modulos/14-dac/dac2025.cpp:103:6:void DAC::config_dac0_pinmode(bool)	16	static
../src/modulos/14-dac/dac2025.cpp:110:6:void DAC::config_dac1_pinmode(bool)	16	static
../src/modulos/14-dac/dac2025.cpp:117:6:void DAC::enable_dac0()	16	static
../src/modulos/14-dac/dac2025.cpp:125:6:void DAC::enable_dac1()	16	static
../src/modulos/14-dac/dac2025.cpp:133:6:void DAC::disable_dac0()	16	static
../src/modulos/14-dac/dac2025.cpp:141:6:void DAC::disable_dac1()	16	static
../src/modulos/14-dac/dac2025.cpp:149:6:void DAC::set_value(uint16_t)	16	static
