../src/modulos/8-IntExt/IntExt.cpp:12:1:IntExt::IntExt(uint8_t, uint8_t, uint8_t, bool, polaridad_t, void (*)())	24	static
../src/modulos/8-IntExt/IntExt.cpp:21:6:void IntExt::config()	16	static
../src/modulos/8-IntExt/IntExt.cpp:34:5:int IntExt::set_flanco(polaridad_t)	24	static
../src/modulos/8-IntExt/IntExt.cpp:61:5:int IntExt::set_nivel(polaridad_t)	16	static
../src/modulos/8-IntExt/IntExt.cpp:73:6:void IntExt::PINT_IRQHandler()	16	static
../src/modulos/8-IntExt/IntExt.cpp:79:6:void PININT0_IRQHandler()	8	static
../src/modulos/8-IntExt/IntExt.cpp:83:6:void PININT1_IRQHandler()	8	static
../src/modulos/8-IntExt/IntExt.cpp:87:6:void PININT2_IRQHandler()	8	static
../src/modulos/8-IntExt/IntExt.cpp:91:6:void PININT3_IRQHandler()	8	static
../src/modulos/8-IntExt/IntExt.cpp:95:6:void PININT4_IRQHandler()	8	static
../src/modulos/8-IntExt/IntExt.cpp:99:6:void PININT5_IRQHandler()	8	static
../src/modulos/8-IntExt/IntExt.cpp:105:6:void PININT6_IRQHandler()	8	static
../src/modulos/8-IntExt/IntExt.cpp:109:6:void PININT7_IRQHandler()	8	static
../src/modulos/8-IntExt/IntExt.cpp:113:1:IntExt::~IntExt()	16	static
../src/modulos/8-IntExt/IntExt.cpp:113:1:virtual IntExt::~IntExt()	16	static
