C:\Users\tomas\Github\TPO_INFO2\Zona de pruebas\pruebaMP3\src\modulos\1-io/Inputs.h:23:11:Inputs::~Inputs()	16	static
C:\Users\tomas\Github\TPO_INFO2\Zona de pruebas\pruebaMP3\src\modulos\1-io/Inputs.h:23:11:virtual Inputs::~Inputs()	16	static
C:\Users\tomas\Github\TPO_INFO2\Zona de pruebas\pruebaMP3\src\modulos\1-io/Outputs.h:50:11:Outputs::~Outputs()	16	static
C:\Users\tomas\Github\TPO_INFO2\Zona de pruebas\pruebaMP3\src\modulos\1-io/Outputs.h:50:11:virtual Outputs::~Outputs()	16	static
C:\Users\tomas\Github\TPO_INFO2\Zona de pruebas\pruebaMP3\src\modulos\2-gpio/Gpio.h:80:3:Gpio::~Gpio()	16	static
C:\Users\tomas\Github\TPO_INFO2\Zona de pruebas\pruebaMP3\src\modulos\2-gpio/Gpio.h:80:3:virtual Gpio::~Gpio()	16	static
../src/modulos/6-SalidasDigitales/DigitalOutputs.cpp:10:1:DigitalOutputs::DigitalOutputs(uint8_t, uint8_t, uint8_t, uint8_t, uint8_t)	32	static
../src/modulos/6-SalidasDigitales/DigitalOutputs.cpp:18:8:int8_t DigitalOutputs::set()	16	static
../src/modulos/6-SalidasDigitales/DigitalOutputs.cpp:23:8:int8_t DigitalOutputs::clr()	16	static
../src/modulos/6-SalidasDigitales/DigitalOutputs.cpp:28:8:int8_t DigitalOutputs::toggle()	16	static
../src/modulos/6-SalidasDigitales/DigitalOutputs.cpp:37:17:DigitalOutputs& DigitalOutputs::operator=(uint8_t)	16	static
../src/modulos/6-SalidasDigitales/DigitalOutputs.cpp:42:6:virtual void DigitalOutputs::handlerDelPeriferico()	16	static
../src/modulos/6-SalidasDigitales/DigitalOutputs.cpp:51:1:DigitalOutputs::~DigitalOutputs()	16	static
../src/modulos/6-SalidasDigitales/DigitalOutputs.cpp:51:1:virtual DigitalOutputs::~DigitalOutputs()	16	static
