C:/nxp/MCUXpressoIDE_25.6.136/ide/plugins/com.nxp.mcuxpresso.tools.win32_25.6.0.202501151204/tools/arm-none-eabi/include/c++/14.2.1/new:179:33:void* operator new(std::size_t, void*)	16	static
C:/nxp/MCUXpressoIDE_25.6.136/ide/plugins/com.nxp.mcuxpresso.tools.win32_25.6.0.202501151204/tools/arm-none-eabi/include/c++/14.2.1/bits/stl_list.h:110:7:std::__detail::_List_node_header::_List_node_header()	16	static
C:/nxp/MCUXpressoIDE_25.6.136/ide/plugins/com.nxp.mcuxpresso.tools.win32_25.6.0.202501151204/tools/arm-none-eabi/include/c++/14.2.1/bits/stl_list.h:150:7:void std::__detail::_List_node_header::_M_init()	16	static
C:/nxp/MCUXpressoIDE_25.6.136/ide/plugins/com.nxp.mcuxpresso.tools.win32_25.6.0.202501151204/tools/arm-none-eabi/include/c++/14.2.1/bits/stl_list.h:450:14:std::__cxx11::_List_base<PerifericoTemporizado*, std::allocator<PerifericoTemporizado*> >::_List_impl::~_List_impl()	24	static
C:/nxp/MCUXpressoIDE_25.6.136/ide/plugins/com.nxp.mcuxpresso.tools.win32_25.6.0.202501151204/tools/arm-none-eabi/include/c++/14.2.1/bits/stl_list.h:536:7:std::__cxx11::_List_base<_Tp, _Alloc>::_List_base() [with _Tp = PerifericoTemporizado*; _Alloc = std::allocator<PerifericoTemporizado*>]	16	static
C:/nxp/MCUXpressoIDE_25.6.136/ide/plugins/com.nxp.mcuxpresso.tools.win32_25.6.0.202501151204/tools/arm-none-eabi/include/c++/14.2.1/bits/stl_list.h:749:7:std::__cxx11::list<_Tp, _Alloc>::list() [with _Tp = PerifericoTemporizado*; _Alloc = std::allocator<PerifericoTemporizado*>]	16	static
../src/modulos/3-PerifericoTemporizado/PerifericoTemporizado.cpp:20:1:PerifericoTemporizado::PerifericoTemporizado(void (*)())	16	static
../src/modulos/3-PerifericoTemporizado/PerifericoTemporizado.cpp:27:1:PerifericoTemporizado::~PerifericoTemporizado()	16	static
../src/modulos/3-PerifericoTemporizado/PerifericoTemporizado.cpp:27:1:virtual PerifericoTemporizado::~PerifericoTemporizado()	16	static
../src/modulos/3-PerifericoTemporizado/PerifericoTemporizado.cpp:30:6:virtual void PerifericoTemporizado::handlerDelPeriferico()	16	static
../src/modulos/3-PerifericoTemporizado/PerifericoTemporizado.cpp:36:6:void PerifericoTemporizado::pushCallback()	24	static
C:/nxp/MCUXpressoIDE_25.6.136/ide/plugins/com.nxp.mcuxpresso.tools.win32_25.6.0.202501151204/tools/arm-none-eabi/include/c++/14.2.1/bits/stl_list.h:455:2:std::__cxx11::_List_base<_Tp, _Alloc>::_List_impl::_List_impl() [with _Tp = PerifericoTemporizado*; _Alloc = std::allocator<PerifericoTemporizado*>]	24	static
C:/nxp/MCUXpressoIDE_25.6.136/ide/plugins/com.nxp.mcuxpresso.tools.win32_25.6.0.202501151204/tools/arm-none-eabi/include/c++/14.2.1/bits/stl_list.h:574:7:std::__cxx11::_List_base<_Tp, _Alloc>::~_List_base() [with _Tp = PerifericoTemporizado*; _Alloc = std::allocator<PerifericoTemporizado*>]	16	static
C:/nxp/MCUXpressoIDE_25.6.136/ide/plugins/com.nxp.mcuxpresso.tools.win32_25.6.0.202501151204/tools/arm-none-eabi/include/c++/14.2.1/bits/stl_list.h:1310:7:void std::__cxx11::list<_Tp, _Alloc>::push_back(value_type&&) [with _Tp = PerifericoTemporizado*; _Alloc = std::allocator<PerifericoTemporizado*>]	24	static
C:/nxp/MCUXpressoIDE_25.6.136/ide/plugins/com.nxp.mcuxpresso.tools.win32_25.6.0.202501151204/tools/arm-none-eabi/include/c++/14.2.1/bits/new_allocator.h:104:7:std::__new_allocator<_Tp>::~__new_allocator() [with _Tp = std::_List_node<PerifericoTemporizado*>]	16	static
C:/nxp/MCUXpressoIDE_25.6.136/ide/plugins/com.nxp.mcuxpresso.tools.win32_25.6.0.202501151204/tools/arm-none-eabi/include/c++/14.2.1/bits/list.tcc:66:5:void std::__cxx11::_List_base<_Tp, _Alloc>::_M_clear() [with _Tp = PerifericoTemporizado*; _Alloc = std::allocator<PerifericoTemporizado*>]	48	static
C:/nxp/MCUXpressoIDE_25.6.136/ide/plugins/com.nxp.mcuxpresso.tools.win32_25.6.0.202501151204/tools/arm-none-eabi/include/c++/14.2.1/bits/stl_list.h:1042:7:std::__cxx11::list<_Tp, _Alloc>::iterator std::__cxx11::list<_Tp, _Alloc>::end() [with _Tp = PerifericoTemporizado*; _Alloc = std::allocator<PerifericoTemporizado*>]	24	static
C:/nxp/MCUXpressoIDE_25.6.136/ide/plugins/com.nxp.mcuxpresso.tools.win32_25.6.0.202501151204/tools/arm-none-eabi/include/c++/14.2.1/bits/move.h:127:5:constexpr typename std::remove_reference<_Tp>::type&& std::move(_Tp&&) [with _Tp = PerifericoTemporizado*&]	16	static
C:/nxp/MCUXpressoIDE_25.6.136/ide/plugins/com.nxp.mcuxpresso.tools.win32_25.6.0.202501151204/tools/arm-none-eabi/include/c++/14.2.1/bits/stl_list.h:2002:8:) [with _Args = {PerifericoTemporizado*}; _Tp = PerifericoTemporizado*; _Alloc = std::allocator<PerifericoTemporizado*>]	32	static
C:/nxp/MCUXpressoIDE_25.6.136/ide/plugins/com.nxp.mcuxpresso.tools.win32_25.6.0.202501151204/tools/arm-none-eabi/include/c++/14.2.1/bits/stl_list.h:238:18:_Tp* std::_List_node<_Tp>::_M_valptr() [with _Tp = PerifericoTemporizado*]	16	static
C:/nxp/MCUXpressoIDE_25.6.136/ide/plugins/com.nxp.mcuxpresso.tools.win32_25.6.0.202501151204/tools/arm-none-eabi/include/c++/14.2.1/bits/stl_list.h:528:7:std::__cxx11::_List_base<_Tp, _Alloc>::_Node_alloc_type& std::__cxx11::_List_base<_Tp, _Alloc>::_M_get_Node_allocator() [with _Tp = PerifericoTemporizado*; _Alloc = std::allocator<PerifericoTemporizado*>]	16	static
C:/nxp/MCUXpressoIDE_25.6.136/ide/plugins/com.nxp.mcuxpresso.tools.win32_25.6.0.202501151204/tools/arm-none-eabi/include/c++/14.2.1/bits/stl_list.h:521:7:void std::__cxx11::_List_base<_Tp, _Alloc>::_M_put_node(typename _Node_alloc_traits::pointer) [with _Tp = PerifericoTemporizado*; _Alloc = std::allocator<PerifericoTemporizado*>]	32	static
C:/nxp/MCUXpressoIDE_25.6.136/ide/plugins/com.nxp.mcuxpresso.tools.win32_25.6.0.202501151204/tools/arm-none-eabi/include/c++/14.2.1/bits/stl_list.h:268:7:std::_List_iterator< <template-parameter-1-1> >::_List_iterator(std::__detail::_List_node_base*) [with _Tp = PerifericoTemporizado*]	16	static
C:/nxp/MCUXpressoIDE_25.6.136/ide/plugins/com.nxp.mcuxpresso.tools.win32_25.6.0.202501151204/tools/arm-none-eabi/include/c++/14.2.1/bits/move.h:70:5:constexpr _Tp&& std::forward(typename remove_reference<_Functor>::type&) [with _Tp = PerifericoTemporizado*]	16	static
C:/nxp/MCUXpressoIDE_25.6.136/ide/plugins/com.nxp.mcuxpresso.tools.win32_25.6.0.202501151204/tools/arm-none-eabi/include/c++/14.2.1/bits/stl_list.h:708:2:) [with _Args = {PerifericoTemporizado*}; _Tp = PerifericoTemporizado*; _Alloc = std::allocator<PerifericoTemporizado*>]	64	static
C:/nxp/MCUXpressoIDE_25.6.136/ide/plugins/com.nxp.mcuxpresso.tools.win32_25.6.0.202501151204/tools/arm-none-eabi/include/c++/14.2.1/bits/stl_list.h:484:12:void std::__cxx11::_List_base<_Tp, _Alloc>::_M_inc_size(std::size_t) [with _Tp = PerifericoTemporizado*; _Alloc = std::allocator<PerifericoTemporizado*>]	16	static
C:/nxp/MCUXpressoIDE_25.6.136/ide/plugins/com.nxp.mcuxpresso.tools.win32_25.6.0.202501151204/tools/arm-none-eabi/include/c++/14.2.1/ext/aligned_buffer.h:72:7:_Tp* __gnu_cxx::__aligned_membuf<_Tp>::_M_ptr() [with _Tp = PerifericoTemporizado*]	16	static
C:/nxp/MCUXpressoIDE_25.6.136/ide/plugins/com.nxp.mcuxpresso.tools.win32_25.6.0.202501151204/tools/arm-none-eabi/include/c++/14.2.1/bits/stl_list.h:517:7:typename std::__cxx11::_List_base<_Tp, _Alloc>::_Node_alloc_traits::pointer std::__cxx11::_List_base<_Tp, _Alloc>::_M_get_node() [with _Tp = PerifericoTemporizado*; _Alloc = std::allocator<PerifericoTemporizado*>]	24	static
C:/nxp/MCUXpressoIDE_25.6.136/ide/plugins/com.nxp.mcuxpresso.tools.win32_25.6.0.202501151204/tools/arm-none-eabi/include/c++/14.2.1/bits/allocated_ptr.h:53:7:std::__allocated_ptr<_Alloc>::__allocated_ptr(_Alloc&, pointer) [with _Alloc = std::allocator<std::_List_node<PerifericoTemporizado*> >]	24	static
C:/nxp/MCUXpressoIDE_25.6.136/ide/plugins/com.nxp.mcuxpresso.tools.win32_25.6.0.202501151204/tools/arm-none-eabi/include/c++/14.2.1/bits/allocated_ptr.h:71:7:std::__allocated_ptr<_Alloc>::~__allocated_ptr() [with _Alloc = std::allocator<std::_List_node<PerifericoTemporizado*> >]	32	static
C:/nxp/MCUXpressoIDE_25.6.136/ide/plugins/com.nxp.mcuxpresso.tools.win32_25.6.0.202501151204/tools/arm-none-eabi/include/c++/14.2.1/bits/allocated_ptr.h:79:7:std::__allocated_ptr<_Alloc>& std::__allocated_ptr<_Alloc>::operator=(std::nullptr_t) [with _Alloc = std::allocator<std::_List_node<PerifericoTemporizado*> >]	16	static
C:/nxp/MCUXpressoIDE_25.6.136/ide/plugins/com.nxp.mcuxpresso.tools.win32_25.6.0.202501151204/tools/arm-none-eabi/include/c++/14.2.1/ext/aligned_buffer.h:64:7:void* __gnu_cxx::__aligned_membuf<_Tp>::_M_addr() [with _Tp = PerifericoTemporizado*]	16	static
C:/nxp/MCUXpressoIDE_25.6.136/ide/plugins/com.nxp.mcuxpresso.tools.win32_25.6.0.202501151204/tools/arm-none-eabi/include/c++/14.2.1/bits/new_allocator.h:156:7:void std::__new_allocator<_Tp>::deallocate(_Tp*, size_type) [with _Tp = std::_List_node<PerifericoTemporizado*>]	24	static
C:/nxp/MCUXpressoIDE_25.6.136/ide/plugins/com.nxp.mcuxpresso.tools.win32_25.6.0.202501151204/tools/arm-none-eabi/include/c++/14.2.1/bits/move.h:51:5:constexpr _Tp* std::__addressof(_Tp&) [with _Tp = allocator<_List_node<PerifericoTemporizado*> >]	16	static
C:/nxp/MCUXpressoIDE_25.6.136/ide/plugins/com.nxp.mcuxpresso.tools.win32_25.6.0.202501151204/tools/arm-none-eabi/include/c++/14.2.1/bits/new_allocator.h:126:7:_Tp* std::__new_allocator<_Tp>::allocate(size_type, const void*) [with _Tp = std::_List_node<PerifericoTemporizado*>]	32	static
C:/nxp/MCUXpressoIDE_25.6.136/ide/plugins/com.nxp.mcuxpresso.tools.win32_25.6.0.202501151204/tools/arm-none-eabi/include/c++/14.2.1/bits/stl_list.h:903:7:std::__cxx11::list<_Tp, _Alloc>::~list() [with _Tp = PerifericoTemporizado*; _Alloc = std::allocator<PerifericoTemporizado*>]	16	static
../src/modulos/3-PerifericoTemporizado/PerifericoTemporizado.cpp:39:1:void __static_initialization_and_destruction_0()	8	static
../src/modulos/3-PerifericoTemporizado/PerifericoTemporizado.cpp:39:1:cpp)	8	static
