../src/modulos/11-Usart/Uart.cpp:11:1:Uart::~Uart()	16	static
../src/modulos/11-Usart/Uart.cpp:16:1:Uart::Uart(uint8_t, uint8_t, uint8_t, uint8_t, uint8_t, uint32_t, bits_de_datos, paridad_t, uint32_t, uint32_t)	32	static
../src/modulos/11-Usart/Uart.cpp:73:6:void Uart::Transmit(const char*)	16	static
../src/modulos/11-Usart/Uart.cpp:91:6:void Uart::Transmit(void*, uint32_t)	32	static
../src/modulos/11-Usart/Uart.cpp:109:7:void* Uart::RxMensaje(void*, uint32_t)	40	static
../src/modulos/11-Usart/Uart.cpp:130:6:void Uart::Tx_EnableInterupt()	16	static
../src/modulos/11-Usart/Uart.cpp:135:6:void Uart::Tx_DisableInterupt()	16	static
../src/modulos/11-Usart/Uart.cpp:140:6:void Uart::UART_IRQHandler()	32	static
../src/modulos/11-Usart/Uart.cpp:164:17:void UART0_IRQHandler()	8	static
../src/modulos/11-Usart/Uart.cpp:167:17:void UART1_IRQHandler()	8	static
../src/modulos/11-Usart/Uart.cpp:170:17:void UART2_IRQHandler()	8	static
../src/modulos/11-Usart/Uart.cpp:173:17:void UART3_IRQHandler()	8	static
../src/modulos/11-Usart/Uart.cpp:176:17:void UART4_IRQHandler()	8	static
