../src/Firmware/systick.cpp:40:6:void MiFuncionSysTickCallback()	24	static
../src/Firmware/systick.cpp:49:6:void SysTick_InstalarCallback(void (*)())	16	static
../src/Firmware/systick.cpp:61:6:void SysTick_Handler()	8	static
../src/Firmware/systick.cpp:76:10:uint32_t Inicializar_SysTick(uint32_t)	24	static
C:/nxp/MCUXpressoIDE_25.6.136/ide/plugins/com.nxp.mcuxpresso.tools.win32_25.6.0.202501151204/tools/arm-none-eabi/include/c++/14.2.1/bits/stl_list.h:1022:7:std::__cxx11::list<_Tp, _Alloc>::iterator std::__cxx11::list<_Tp, _Alloc>::begin() [with _Tp = PerifericoTemporizado*; _Alloc = std::allocator<PerifericoTemporizado*>]	24	static
C:/nxp/MCUXpressoIDE_25.6.136/ide/plugins/com.nxp.mcuxpresso.tools.win32_25.6.0.202501151204/tools/arm-none-eabi/include/c++/14.2.1/bits/stl_list.h:1042:7:std::__cxx11::list<_Tp, _Alloc>::iterator std::__cxx11::list<_Tp, _Alloc>::end() [with _Tp = PerifericoTemporizado*; _Alloc = std::allocator<PerifericoTemporizado*>]	24	static
C:/nxp/MCUXpressoIDE_25.6.136/ide/plugins/com.nxp.mcuxpresso.tools.win32_25.6.0.202501151204/tools/arm-none-eabi/include/c++/14.2.1/bits/stl_list.h:324:7:bool std::operator!=(const _List_iterator<PerifericoTemporizado*>::_Self&, const _List_iterator<PerifericoTemporizado*>::_Self&)	16	static
C:/nxp/MCUXpressoIDE_25.6.136/ide/plugins/com.nxp.mcuxpresso.tools.win32_25.6.0.202501151204/tools/arm-none-eabi/include/c++/14.2.1/bits/stl_list.h:287:7:std::_List_iterator< <template-parameter-1-1> >::_Self& std::_List_iterator< <template-parameter-1-1> >::operator++() [with _Tp = PerifericoTemporizado*]	16	static
C:/nxp/MCUXpressoIDE_25.6.136/ide/plugins/com.nxp.mcuxpresso.tools.win32_25.6.0.202501151204/tools/arm-none-eabi/include/c++/14.2.1/bits/stl_list.h:278:7:_Tp& std::_List_iterator< <template-parameter-1-1> >::operator*() const [with _Tp = PerifericoTemporizado*]	16	static
C:/nxp/MCUXpressoIDE_25.6.136/ide/plugins/com.nxp.mcuxpresso.tools.win32_25.6.0.202501151204/tools/arm-none-eabi/include/c++/14.2.1/bits/stl_list.h:268:7:std::_List_iterator< <template-parameter-1-1> >::_List_iterator(std::__detail::_List_node_base*) [with _Tp = PerifericoTemporizado*]	16	static
C:/nxp/MCUXpressoIDE_25.6.136/ide/plugins/com.nxp.mcuxpresso.tools.win32_25.6.0.202501151204/tools/arm-none-eabi/include/c++/14.2.1/bits/stl_list.h:238:18:_Tp* std::_List_node<_Tp>::_M_valptr() [with _Tp = PerifericoTemporizado*]	16	static
C:/nxp/MCUXpressoIDE_25.6.136/ide/plugins/com.nxp.mcuxpresso.tools.win32_25.6.0.202501151204/tools/arm-none-eabi/include/c++/14.2.1/ext/aligned_buffer.h:72:7:_Tp* __gnu_cxx::__aligned_membuf<_Tp>::_M_ptr() [with _Tp = PerifericoTemporizado*]	16	static
C:/nxp/MCUXpressoIDE_25.6.136/ide/plugins/com.nxp.mcuxpresso.tools.win32_25.6.0.202501151204/tools/arm-none-eabi/include/c++/14.2.1/ext/aligned_buffer.h:64:7:void* __gnu_cxx::__aligned_membuf<_Tp>::_M_addr() [with _Tp = PerifericoTemporizado*]	16	static
