C:\Users\tomas\Github\TPO_INFO2\Zona de pruebas\pruebaMP3\src\modulos\1-io/Inputs.h:19:3:Inputs::Inputs()	16	static
C:\Users\tomas\Github\TPO_INFO2\Zona de pruebas\pruebaMP3\src\modulos\1-io/Inputs.h:23:11:Inputs::~Inputs()	16	static
C:\Users\tomas\Github\TPO_INFO2\Zona de pruebas\pruebaMP3\src\modulos\1-io/Inputs.h:23:11:virtual Inputs::~Inputs()	16	static
C:\Users\tomas\Github\TPO_INFO2\Zona de pruebas\pruebaMP3\src\modulos\1-io/Outputs.h:44:3:Outputs::Outputs()	16	static
C:\Users\tomas\Github\TPO_INFO2\Zona de pruebas\pruebaMP3\src\modulos\1-io/Outputs.h:50:11:Outputs::~Outputs()	16	static
C:\Users\tomas\Github\TPO_INFO2\Zona de pruebas\pruebaMP3\src\modulos\1-io/Outputs.h:50:11:virtual Outputs::~Outputs()	16	static
C:\Users\tomas\Github\TPO_INFO2\Zona de pruebas\pruebaMP3\src\modulos\2-gpio/Gpio.h:80:3:Gpio::~Gpio()	16	static
C:\Users\tomas\Github\TPO_INFO2\Zona de pruebas\pruebaMP3\src\modulos\2-gpio/Gpio.h:80:3:virtual Gpio::~Gpio()	16	static
../src/modulos/2-gpio/Gpio.cpp:42:1:Gpio::Gpio(uint8_t, uint8_t, uint8_t, uint8_t, uint8_t)	24	static
../src/modulos/2-gpio/Gpio.cpp:73:9:virtual uint8_t Gpio::SetPin()	16	static
../src/modulos/2-gpio/Gpio.cpp:86:9:virtual uint8_t Gpio::ClrPin()	16	static
../src/modulos/2-gpio/Gpio.cpp:98:9:virtual uint8_t Gpio::SetTogglePin()	16	static
../src/modulos/2-gpio/Gpio.cpp:106:9:virtual uint8_t Gpio::SetDirOutputs()	16	static
../src/modulos/2-gpio/Gpio.cpp:117:9:virtual uint8_t Gpio::SetDirInputs()	16	static
../src/modulos/2-gpio/Gpio.cpp:128:9:uint8_t Gpio::SetToggleDir()	16	static
../src/modulos/2-gpio/Gpio.cpp:136:9:virtual uint8_t Gpio::GetPin() const	32	static
../src/modulos/2-gpio/Gpio.cpp:147:9:virtual uint8_t Gpio::SetPinModeOut()	16	static
../src/modulos/2-gpio/Gpio.cpp:152:9:virtual uint8_t Gpio::SetPinModeIn()	24	static
../src/modulos/2-gpio/Gpio.cpp:168:8:Gpio& Gpio::operator=(bool)	16	static
../src/modulos/2-gpio/Gpio.cpp:177:6:bool Gpio::operator==(bool)	16	static
../src/modulos/2-gpio/Gpio.cpp:184:6:bool Gpio::operator==(Gpio&)	24	static
../src/modulos/2-gpio/Gpio.cpp:190:1:Gpio::operator bool()	16	static
